{
'sizzle:speed/speed.js':[
392,
],
'sizzle:test/data/testinit.js':[
31,
108,
],
}
