{
'jquery:src/ajax/jsonp.js':[
61,
],
'jquery:src/ajax/load.js':[
49,
],
'jquery:src/callbacks.js':[
135,
146,
217,
],
'jquery:src/core.js':[
84,
120,
],
'jquery:src/deferred.js':[
63,
72,
85,
107,
320,
354,
363,
],
'jquery:src/deprecated.js':[
48,
50,
],
'jquery:src/effects.js':[
619,
],
'jquery:src/event.js':[
87,
146,
308,
547,
802,
],
'jquery:src/manipulation.js':[
312,
321,
330,
338,
415,
],
'jquery:test/data/iframeTest.js':[
2,
],
'jquery:test/data/jquery-1.9.1.js':[
289,
328,
834,
836,
1110,
1130,
1203,
1231,
1235,
1243,
1290,
1311,
1324,
2840,
3136,
3532,
3642,
3731,
6136,
6144,
6152,
6160,
7771,
7807,
8655,
9381,
],
'jquery:test/data/testinit.js':[
40,
211,
252,
],
'jquery:test/promises_aplus_adapters/when.js':[
15,
39,
],
'jquery:test/unit/ajax.js':[
4,
2711,
],
'jquery:test/unit/animation.js':[
30,
133,
],
'jquery:test/unit/callbacks.js':[
33,
118,
],
'jquery:test/unit/core.js':[
7,
1262,
],
'jquery:test/unit/css.js':[
1000,
],
'jquery:test/unit/data.js':[
341,
],
'jquery:test/unit/deferred.js':[
573,
617,
644,
649,
654,
775,
782,
926,
939,
1004,
1017,
],
'jquery:test/unit/deprecated.js':[
157,
],
'jquery:test/unit/effects.js':[
28,
],
'jquery:test/unit/event.js':[
217,
3148,
3162,
],
'jquery:test/unit/manipulation.js':[
2450,
2538,
],
'jquery:test/unit/offset.js':[
535,
],
'jquery:test/unit/selector.js':[
1777,
],
'jquery:test/unit/tween.js':[
24,
],
}
