{
'es5-shim:es5-shim.js':[
211,
244,
355,
386,
450,
483,
516,
546,
573,
618,
671,
715,
743,
769,
784,
836,
913,
928,
948,
1088,
1132,
1135,
1486,
1607,
1867,
1936,
1991,
2010,
],
'es5-shim:tests/lib/jasmine-html.js':[
11,
167,
],
'es5-shim:tests/lib/jasmine.js':[
74,
408,
462,
559,
738,
1207,
1408,
1431,
1730,
1738,
1746,
1754,
1788,
2245,
2300,
2335,
],
'es5-shim:tests/spec/s-array.js':[
1269,
1530,
1590,
1848,
],
'es5-shim:tests/spec/s-function.js':[
9,
25,
47,
78,
],
'es5-shim:tests/spec/s-object.js':[
65,
],
}
