{
'underscore:test/arrays.js':[
13,
40,
58,
71,
88,
104,
124,
184,
211,
236,
255,
316,
372,
392,
449,
],
'underscore:test/collections.js':[
235,
251,
462,
849,
880,
],
'underscore:test/functions.js':[
54,
66,
112,
613,
691,
],
'underscore:test/objects.js':[
598,
615,
624,
640,
668,
681,
],
'underscore:underscore.js':[
83,
119,
613,
790,
817,
859,
926,
933,
937,
947,
957,
1081,
1334,
1638,
1653,
1663,
],
}
