{
'knockout:spec/defaultBindings/eventBehaviors.js':[
75,
],
'knockout:spec/dependentObservableBehaviors.js':[
106,
],
'knockout:spec/lib/jasmine-1.2.0/jasmine-html.js':[
7,
108,
437,
593,
],
'knockout:spec/lib/jasmine-1.2.0/jasmine.js':[
64,
398,
452,
548,
727,
1168,
1358,
1385,
1687,
1695,
1703,
1711,
1745,
2176,
2231,
2266,
],
'knockout:spec/observableArrayChangeTrackingBehaviors.js':[
595,
],
'knockout:spec/utilsBehaviors.js':[
357,
],
'knockout:src/binding/defaultBindings/event.js':[
29,
],
'knockout:src/components/customElements.js':[
96,
],
'knockout:src/subscribables/dependentObservable.js':[
41,
],
'knockout:src/subscribables/observable.js':[
9,
],
'knockout:src/subscribables/observableArray.js':[
119,
131,
],
'knockout:src/templating/templateRewriting.js':[
47,
49,
],
'knockout:src/templating/templateSources.js':[
58,
71,
103,
128,
],
'knockout:src/utils.js':[
359,
633,
636,
639,
],
}
