{
'prototype:ext/update_helper/prototype_update_helper.js':[
36,
45,
54,
63,
72,
406,
],
'prototype:ext/update_helper/update_helper.js':[
29,
],
'prototype:src/prototype/ajax/periodical_updater.js':[
244,
],
'prototype:src/prototype/dom/dom.js':[
76,
1960,
1996,
2990,
],
'prototype:src/prototype/dom/layout.js':[
429,
457,
478,
],
'prototype:src/prototype/dom/selector.js':[
87,
],
'prototype:src/prototype/lang.js':[
72,
],
'prototype:src/prototype/lang/array.js':[
298,
428,
],
'prototype:src/prototype/lang/class.js':[
45,
50,
148,
],
'prototype:src/prototype/lang/enumerable.js':[
510,
761,
],
'prototype:src/prototype/lang/function.js':[
116,
126,
195,
228,
230,
260,
293,
340,
397,
],
'prototype:test/unit/phantomjs/core-extensions.js':[
18,
21,
38,
66,
68,
],
'prototype:test/unit/phantomjs/mocha-phantomjs.js':[
14,
],
'prototype:test/unit/static/js/assertions.js':[
11,
394,
403,
426,
],
'prototype:test/unit/static/js/mocha.js':[
409,
513,
2488,
],
'prototype:test/unit/static/js/test_helpers.js':[
20,
31,
72,
110,
119,
158,
],
'prototype:test/unit/tests/array.test.js':[
12,
243,
],
'prototype:test/unit/tests/function.test.js':[
54,
117,
],
}
