{
'backbone:backbone.js':[
294,
310,
401,
446,
760,
807,
989,
1211,
1297,
1472,
1593,
1628,
1638,
2060,
],
'backbone:test/collection.js':[
1549,
1560,
1634,
1642,
],
'backbone:test/setup/environment.js':[
31,
],
'backbone:test/vendor/jquery.js':[
267,
293,
773,
775,
1011,
1028,
1091,
1117,
1121,
1129,
1194,
1207,
2676,
2993,
3344,
3446,
3529,
3610,
3622,
5574,
5777,
5785,
5794,
5807,
6657,
7426,
7471,
8219,
9015,
],
'backbone:test/vendor/qunit.js':[
1233,
1457,
1830,
2112,
],
'backbone:test/vendor/require.js':[
129,
1346,
1776,
],
'backbone:test/vendor/underscore.js':[
80,
103,
273,
516,
552,
564,
574,
583,
712,
716,
725,
730,
745,
755,
766,
797,
836,
859,
866,
870,
880,
890,
1030,
1047,
1226,
1495,
1509,
1519,
],
}
